// Jest Snapshot v1, https://goo.gl/fbAQLP

exports[`DataComponent should accept data as a function 1`] = `<div></div>`;

exports[`DataComponent should accept data as a string 1`] = `<div></div>`;

exports[`DataComponent should accept data as an object 1`] = `<div></div>`;
