// Jest Snapshot v1, https://goo.gl/fbAQLP

exports[`Chart should render named chart without js exception 1`] = `
<div
  className="bar-chart"
  style={undefined}
/>
`;

exports[`Chart should render with type without js exception 1`] = `
<div
  className="bar-chart"
  style={undefined}
/>
`;
