// Jest Snapshot v1, https://goo.gl/fbAQLP

exports[`ClayLabel renders 1`] = `
<span
  className="label label-secondary"
>
  <span
    className="label-item label-item-expand"
  >
    Default Label
  </span>
</span>
`;
