// Jest Snapshot v1, https://goo.gl/fbAQLP

exports[`ClayComponentBoilerplate should render 1`] = `
<div>
  Clay Component Boilerplate!
</div>
`;
