// Jest Snapshot v1, https://goo.gl/fbAQLP

exports[`ClayProgressBar renders 1`] = `
<div
  className="progress-group"
>
  <div
    className="progress"
  >
    <div
      aria-valuemax={100}
      aria-valuemin={0}
      aria-valuenow={50}
      className="progress-bar"
      role="progressbar"
      style={
        Object {
          "width": "50%",
        }
      }
    />
  </div>
</div>
`;

exports[`ClayProgressBar renders as a different status 1`] = `
<div
  className="progress-group progress-warning"
>
  <div
    className="progress"
  >
    <div
      aria-valuemax={100}
      aria-valuemin={0}
      aria-valuenow={50}
      className="progress-bar"
      role="progressbar"
      style={
        Object {
          "width": "50%",
        }
      }
    />
  </div>
  <div
    className="progress-group-addon"
  >
    50%
  </div>
</div>
`;

exports[`ClayProgressBar renders with additional content 1`] = `
<div
  className="progress-group"
>
  <div
    className="progress"
  >
    <div
      aria-valuemax={100}
      aria-valuemin={0}
      aria-valuenow={50}
      className="progress-bar"
      role="progressbar"
      style={
        Object {
          "width": "50%",
        }
      }
    />
  </div>
  <div
    className="progress-group-addon"
  >
    50%
  </div>
</div>
`;

exports[`ClayProgressBar wraps content in feedback classname 1`] = `
<div
  className="progress-group"
>
  <div
    className="progress"
  >
    <div
      aria-valuemax={100}
      aria-valuemin={0}
      aria-valuenow={50}
      className="progress-bar"
      role="progressbar"
      style={
        Object {
          "width": "50%",
        }
      }
    />
  </div>
  <div
    className="progress-group-addon"
  >
    <div
      className="progress-group-feedback"
    >
      50%
    </div>
  </div>
</div>
`;
